// Jest Snapshot v1, https://goo.gl/fbAQLP

exports[`renders correctly 1`] = `
<View>
  <View
    style={
      Array [
        Object {
          "alignItems": "center",
          "backgroundColor": "#ffbcbc",
          "borderColor": "red",
          "borderWidth": 1,
          "height": 100,
          "justifyContent": "center",
          "margin": 10,
          "width": 300,
        },
        Array [
          Array [
            Object {
              "overflow": "hidden",
            },
            Object {
              "borderBottomWidth": 1,
            },
            Object {
              "backgroundColor": "white",
              "borderBottomColor": "black",
            },
          ],
          Object {
            "alignItems": "center",
            "flexDirection": "row",
            "height": 44,
            "justifyContent": "center",
          },
        ],
      ]
    }
  >
    <Text
      accessible={true}
      allowFontScaling={true}
      ellipsizeMode="tail"
      style={
        Object {
          "color": "#333333",
          "margin": 20,
        }
      }
    >
      TouchableNativeFeedback is not supported on this platform!
    </Text>
  </View>
  <View
    collapsable={undefined}
    style={
      Object {
        "height": 0,
        "marginBottom": 0,
        "overflow": "hidden",
      }
    }
  >
    <View
      style={
        Array [
          Object {
            "alignItems": "center",
            "backgroundColor": "#ffbcbc",
            "borderColor": "red",
            "borderWidth": 1,
            "height": 100,
            "justifyContent": "center",
            "margin": 10,
            "width": 300,
          },
          Array [
            Array [
              Object {
                "overflow": "hidden",
              },
              Object {
                "borderBottomWidth": 1,
              },
              Object {
                "backgroundColor": "grey",
              },
            ],
            Object {
              "alignItems": "center",
              "flexDirection": "row",
              "height": 44,
              "justifyContent": "center",
            },
          ],
        ]
      }
    >
      <Text
        accessible={true}
        allowFontScaling={true}
        ellipsizeMode="tail"
        style={
          Object {
            "color": "#333333",
            "margin": 20,
          }
        }
      >
        TouchableNativeFeedback is not supported on this platform!
      </Text>
    </View>
    <View
      style={
        Array [
          Object {
            "alignItems": "center",
            "backgroundColor": "#ffbcbc",
            "borderColor": "red",
            "borderWidth": 1,
            "height": 100,
            "justifyContent": "center",
            "margin": 10,
            "width": 300,
          },
          Array [
            Array [
              Object {
                "overflow": "hidden",
              },
              Object {
                "borderBottomWidth": 1,
              },
              Object {
                "backgroundColor": "white",
              },
            ],
            Object {
              "alignItems": "center",
              "flexDirection": "row",
              "height": 44,
              "justifyContent": "center",
            },
          ],
        ]
      }
    >
      <Text
        accessible={true}
        allowFontScaling={true}
        ellipsizeMode="tail"
        style={
          Object {
            "color": "#333333",
            "margin": 20,
          }
        }
      >
        TouchableNativeFeedback is not supported on this platform!
      </Text>
    </View>
  </View>
</View>
`;
